// Jest Snapshot v1, https://goo.gl/fbAQLP

exports[`Form matches the snapshot 1`] = `
Array [
  <div
    test-id="counter"
  >
    0
  </div>,
  <button
    onClick={[Function]}
    test-id="increment"
  >
    +
  </button>,
  <button
    onClick={[Function]}
    test-id="decrement"
  >
    -
  </button>,
  <button
    onClick={[Function]}
    test-id="reset"
  >
    reset
  </button>,
]
`;
